<?xml version="1.0" ?>
<testsuites failures="1" name="TestXML" tests="3" time="0">
	<testsuite name="Layout" failures="0"  tests="2" time="0">
		<testcase name="When saving the layout" time="0"></testcase>
		<testcase name="When loading a layout" time="0"></testcase>
	</testsuite>

	<testsuite name="Node" failures="1"  tests="3" time="0">
		<testcase name="When loading a tree" time="0"></testcase>
		<testcase name="When placing a window ontop of another" time="0"></testcase>
		<testcase name="When placing a window ontop of a parent one" time="0">
			<failure message="EXPECTED: |Object| [Panel:1489] == null but GOT |Object| [Panel:1489] != null"></failure>
			<failure message="EXPECTED: |String|  is equal to |String| TabContainer but GOT |String|  is not equal to |String| TabContainer"></failure>
			<failure message="EXPECTED: |int| 0 is equal to |int| 2 but GOT |int| 0 is not equal to |int| 2"></failure></testcase>
	</testsuite>

	<testsuite name="Tree" failures="0"  tests="2" time="0">
		<testcase name="When cleaning up tree" time="0"></testcase>
		<testcase name="When building the tree" time="0"></testcase>
	</testsuite>

</testsuites>